Archive member included because of file (symbol)

c:/program files (x86)/atmel/avr tools/avr toolchain/bin/../lib/gcc/avr/4.8.1/avr4\libgcc.a(_udivmodhi4.o)
                              ./I2C_TWI/i2c_twi.o (__udivmodhi4)
c:/program files (x86)/atmel/avr tools/avr toolchain/bin/../lib/gcc/avr/4.8.1/avr4\libgcc.a(_exit.o)
                              c:/program files (x86)/atmel/avr tools/avr toolchain/bin/../lib/gcc/avr/4.8.1/../../../../avr/lib/avr4/crtm88pa.o (exit)
c:/program files (x86)/atmel/avr tools/avr toolchain/bin/../lib/gcc/avr/4.8.1/avr4\libgcc.a(_copy_data.o)
                              ./main.o (__do_copy_data)
c:/program files (x86)/atmel/avr tools/avr toolchain/bin/../lib/gcc/avr/4.8.1/avr4\libgcc.a(_clear_bss.o)
                              ./MKUART/mkuart.o (__do_clear_bss)
c:/program files (x86)/atmel/avr tools/avr toolchain/bin/../lib/gcc/avr/4.8.1/../../../../avr/lib/avr4\libc.a(itoa.o)
                              ./MKUART/mkuart.o (__itoa)
c:/program files (x86)/atmel/avr tools/avr toolchain/bin/../lib/gcc/avr/4.8.1/../../../../avr/lib/avr4\libc.a(itoa_ncheck.o)
                              c:/program files (x86)/atmel/avr tools/avr toolchain/bin/../lib/gcc/avr/4.8.1/../../../../avr/lib/avr4\libc.a(itoa.o) (__itoa_ncheck)
c:/program files (x86)/atmel/avr tools/avr toolchain/bin/../lib/gcc/avr/4.8.1/../../../../avr/lib/avr4\libc.a(utoa_ncheck.o)
                              c:/program files (x86)/atmel/avr tools/avr toolchain/bin/../lib/gcc/avr/4.8.1/../../../../avr/lib/avr4\libc.a(itoa_ncheck.o) (__utoa_common)
c:/program files (x86)/atmel/avr tools/avr toolchain/bin/../lib/gcc/avr/4.8.1/../../../../avr/lib/avr4\libc.a(strrev.o)
                              c:/program files (x86)/atmel/avr tools/avr toolchain/bin/../lib/gcc/avr/4.8.1/../../../../avr/lib/avr4\libc.a(utoa_ncheck.o) (strrev)

Allocating common symbols
Common symbol       size              file

UART_TxHead         0x1               ./MKUART/mkuart.o
moves               0x20              ./moves.o
UART_TxTail         0x1               ./MKUART/mkuart.o
tccrt               0xa               ./main.o
UART_TxBuf          0x10              ./MKUART/mkuart.o
sharp               0x3               ./main.o
UART_RxHead         0x1               ./MKUART/mkuart.o
UART_RxTail         0x1               ./MKUART/mkuart.o
UART_RxBuf          0x20              ./MKUART/mkuart.o

Memory Configuration

Name             Origin             Length             Attributes
text             0x00000000         0x00002000         xr
data             0x00800060         0x0000ffa0         rw !x
eeprom           0x00810000         0x00010000         rw !x
fuse             0x00820000         0x00000400         rw !x
lock             0x00830000         0x00000400         rw !x
signature        0x00840000         0x00000400         rw !x
user_signatures  0x00850000         0x00000400         rw !x
*default*        0x00000000         0xffffffff

Linker script and memory map

Address of section .data set to 0x800100
LOAD c:/program files (x86)/atmel/avr tools/avr toolchain/bin/../lib/gcc/avr/4.8.1/../../../../avr/lib/avr4/crtm88pa.o
LOAD ./accelerometer/acceleroeter.o
LOAD ./MKUART/mkuart.o
LOAD ./I2C_TWI/i2c_twi.o
LOAD ./main.o
LOAD ./moves.o
LOAD ./sensors.o
START GROUP
LOAD c:/program files (x86)/atmel/avr tools/avr toolchain/bin/../lib/gcc/avr/4.8.1/avr4\libgcc.a
LOAD c:/program files (x86)/atmel/avr tools/avr toolchain/bin/../lib/gcc/avr/4.8.1/../../../../avr/lib/avr4\libm.a
LOAD c:/program files (x86)/atmel/avr tools/avr toolchain/bin/../lib/gcc/avr/4.8.1/../../../../avr/lib/avr4\libc.a
END GROUP

.hash
 *(.hash)

.dynsym
 *(.dynsym)

.dynstr
 *(.dynstr)

.gnu.version
 *(.gnu.version)

.gnu.version_d
 *(.gnu.version_d)

.gnu.version_r
 *(.gnu.version_r)

.rel.init
 *(.rel.init)

.rela.init
 *(.rela.init)

.rel.text
 *(.rel.text)
 *(.rel.text.*)
 *(.rel.gnu.linkonce.t*)

.rela.text
 *(.rela.text)
 *(.rela.text.*)
 *(.rela.gnu.linkonce.t*)

.rel.fini
 *(.rel.fini)

.rela.fini
 *(.rela.fini)

.rel.rodata
 *(.rel.rodata)
 *(.rel.rodata.*)
 *(.rel.gnu.linkonce.r*)

.rela.rodata
 *(.rela.rodata)
 *(.rela.rodata.*)
 *(.rela.gnu.linkonce.r*)

.rel.data
 *(.rel.data)
 *(.rel.data.*)
 *(.rel.gnu.linkonce.d*)

.rela.data
 *(.rela.data)
 *(.rela.data.*)
 *(.rela.gnu.linkonce.d*)

.rel.ctors
 *(.rel.ctors)

.rela.ctors
 *(.rela.ctors)

.rel.dtors
 *(.rel.dtors)

.rela.dtors
 *(.rela.dtors)

.rel.got
 *(.rel.got)

.rela.got
 *(.rela.got)

.rel.bss
 *(.rel.bss)

.rela.bss
 *(.rela.bss)

.rel.plt
 *(.rel.plt)

.rela.plt
 *(.rela.plt)

.text           0x00000000      0x7ac
 *(.vectors)
 .vectors       0x00000000       0x34 c:/program files (x86)/atmel/avr tools/avr toolchain/bin/../lib/gcc/avr/4.8.1/../../../../avr/lib/avr4/crtm88pa.o
                0x00000000                __vectors
 *(.vectors)
 *(.progmem.gcc*)
                0x00000034                . = ALIGN (0x2)
                0x00000034                __trampolines_start = .
 *(.trampolines)
 .trampolines   0x00000034        0x0 linker stubs
 *(.trampolines*)
                0x00000034                __trampolines_end = .
 *(.progmem*)
                0x00000034                . = ALIGN (0x2)
 *(.jumptables)
 *(.jumptables*)
 *(.lowtext)
 *(.lowtext*)
                0x00000034                __ctors_start = .
 *(.ctors)
                0x00000034                __ctors_end = .
                0x00000034                __dtors_start = .
 *(.dtors)
                0x00000034                __dtors_end = .
 SORT(*)(.ctors)
 SORT(*)(.dtors)
 *(.init0)
 .init0         0x00000034        0x0 c:/program files (x86)/atmel/avr tools/avr toolchain/bin/../lib/gcc/avr/4.8.1/../../../../avr/lib/avr4/crtm88pa.o
                0x00000034                __init
 *(.init0)
 *(.init1)
 *(.init1)
 *(.init2)
 .init2         0x00000034        0xc c:/program files (x86)/atmel/avr tools/avr toolchain/bin/../lib/gcc/avr/4.8.1/../../../../avr/lib/avr4/crtm88pa.o
 *(.init2)
 *(.init3)
 *(.init3)
 *(.init4)
 .init4         0x00000040       0x16 c:/program files (x86)/atmel/avr tools/avr toolchain/bin/../lib/gcc/avr/4.8.1/avr4\libgcc.a(_copy_data.o)
                0x00000040                __do_copy_data
 .init4         0x00000056       0x10 c:/program files (x86)/atmel/avr tools/avr toolchain/bin/../lib/gcc/avr/4.8.1/avr4\libgcc.a(_clear_bss.o)
                0x00000056                __do_clear_bss
 *(.init4)
 *(.init5)
 *(.init5)
 *(.init6)
 *(.init6)
 *(.init7)
 *(.init7)
 *(.init8)
 *(.init8)
 *(.init9)
 .init9         0x00000066        0x4 c:/program files (x86)/atmel/avr tools/avr toolchain/bin/../lib/gcc/avr/4.8.1/../../../../avr/lib/avr4/crtm88pa.o
 *(.init9)
 *(.text)
 .text          0x0000006a        0x2 c:/program files (x86)/atmel/avr tools/avr toolchain/bin/../lib/gcc/avr/4.8.1/../../../../avr/lib/avr4/crtm88pa.o
                0x0000006a                __vector_22
                0x0000006a                __vector_1
                0x0000006a                __vector_24
                0x0000006a                __vector_12
                0x0000006a                __bad_interrupt
                0x0000006a                __vector_6
                0x0000006a                __vector_3
                0x0000006a                __vector_23
                0x0000006a                __vector_25
                0x0000006a                __vector_11
                0x0000006a                __vector_13
                0x0000006a                __vector_17
                0x0000006a                __vector_7
                0x0000006a                __vector_5
                0x0000006a                __vector_4
                0x0000006a                __vector_9
                0x0000006a                __vector_2
                0x0000006a                __vector_15
                0x0000006a                __vector_8
                0x0000006a                __vector_14
                0x0000006a                __vector_10
                0x0000006a                __vector_16
                0x0000006a                __vector_20
 .text          0x0000006c        0x0 ./accelerometer/acceleroeter.o
 .text          0x0000006c        0x0 ./MKUART/mkuart.o
 .text          0x0000006c        0x0 ./I2C_TWI/i2c_twi.o
 .text          0x0000006c        0x0 ./main.o
 .text          0x0000006c        0x0 ./moves.o
 .text          0x0000006c        0x0 ./sensors.o
 .text          0x0000006c        0x0 c:/program files (x86)/atmel/avr tools/avr toolchain/bin/../lib/gcc/avr/4.8.1/avr4\libgcc.a(_udivmodhi4.o)
 .text          0x0000006c        0x0 c:/program files (x86)/atmel/avr tools/avr toolchain/bin/../lib/gcc/avr/4.8.1/avr4\libgcc.a(_exit.o)
 .text          0x0000006c        0x0 c:/program files (x86)/atmel/avr tools/avr toolchain/bin/../lib/gcc/avr/4.8.1/avr4\libgcc.a(_copy_data.o)
 .text          0x0000006c        0x0 c:/program files (x86)/atmel/avr tools/avr toolchain/bin/../lib/gcc/avr/4.8.1/avr4\libgcc.a(_clear_bss.o)
 .text          0x0000006c        0x0 c:/program files (x86)/atmel/avr tools/avr toolchain/bin/../lib/gcc/avr/4.8.1/../../../../avr/lib/avr4\libc.a(itoa.o)
 .text          0x0000006c        0x0 c:/program files (x86)/atmel/avr tools/avr toolchain/bin/../lib/gcc/avr/4.8.1/../../../../avr/lib/avr4\libc.a(itoa_ncheck.o)
 .text          0x0000006c        0x0 c:/program files (x86)/atmel/avr tools/avr toolchain/bin/../lib/gcc/avr/4.8.1/../../../../avr/lib/avr4\libc.a(utoa_ncheck.o)
 .text          0x0000006c        0x0 c:/program files (x86)/atmel/avr tools/avr toolchain/bin/../lib/gcc/avr/4.8.1/../../../../avr/lib/avr4\libc.a(strrev.o)
                0x0000006c                . = ALIGN (0x2)
 *(.text.*)
 .text.USART_Init
                0x0000006c       0x2e ./MKUART/mkuart.o
                0x0000006c                USART_Init
 .text.uart_putc
                0x0000009a       0x2a ./MKUART/mkuart.o
                0x0000009a                uart_putc
 .text.uart_puts
                0x000000c4       0x16 ./MKUART/mkuart.o
                0x000000c4                uart_puts
 .text.uart_putint
                0x000000da       0x36 ./MKUART/mkuart.o
                0x000000da                uart_putint
 .text.__vector_19
                0x00000110       0x58 ./MKUART/mkuart.o
                0x00000110                __vector_19
 .text.uart_getc
                0x00000168       0x2a ./MKUART/mkuart.o
                0x00000168                uart_getc
 .text.__vector_18
                0x00000192       0x44 ./MKUART/mkuart.o
                0x00000192                __vector_18
 .text.i2cSetBitrate
                0x000001d6       0x22 ./I2C_TWI/i2c_twi.o
                0x000001d6                i2cSetBitrate
 .text.TWI_start
                0x000001f8       0x10 ./I2C_TWI/i2c_twi.o
                0x000001f8                TWI_start
 .text.TWI_stop
                0x00000208       0x10 ./I2C_TWI/i2c_twi.o
                0x00000208                TWI_stop
 .text.TWI_write
                0x00000218       0x14 ./I2C_TWI/i2c_twi.o
                0x00000218                TWI_write
 .text.TWI_read
                0x0000022c       0x1c ./I2C_TWI/i2c_twi.o
                0x0000022c                TWI_read
 .text.TWI_write_buf
                0x00000248       0x54 ./I2C_TWI/i2c_twi.o
                0x00000248                TWI_write_buf
 .text.TWI_read_buf
                0x0000029c       0x64 ./I2C_TWI/i2c_twi.o
                0x0000029c                TWI_read_buf
 .text.__vector_default
                0x00000300       0x14 ./main.o
                0x00000300                __vector_default
 .text.__vector_21
                0x00000314       0x7a ./main.o
                0x00000314                __vector_21
 .text.adc_init
                0x0000038e       0x30 ./main.o
                0x0000038e                adc_init
 .text.init_io  0x000003be       0x14 ./main.o
                0x000003be                init_io
 .text.pwm_init
                0x000003d2       0x3a ./main.o
                0x000003d2                pwm_init
 .text.startup.main
                0x0000040c      0x158 ./main.o
                0x0000040c                main
 .text.init_moves
                0x00000564       0x8e ./moves.o
                0x00000564                init_moves
 .text.set_motors_dir
                0x000005f2       0x36 ./moves.o
                0x000005f2                set_motors_dir
 .text.set_motors_vel
                0x00000628       0x3c ./moves.o
                0x00000628                set_motors_vel
 .text.invoke_move
                0x00000664       0x22 ./moves.o
                0x00000664                invoke_move
 .text.motor_soft_start
                0x00000686        0x2 ./moves.o
                0x00000686                motor_soft_start
 .text.sw_pressed
                0x00000688       0x14 ./sensors.o
                0x00000688                sw_pressed
 .text.edge_detect
                0x0000069c       0x38 ./sensors.o
                0x0000069c                edge_detect
 .text.enemy_detect
                0x000006d4       0x32 ./sensors.o
                0x000006d4                enemy_detect
 .text.libgcc.mul
                0x00000706        0x0 c:/program files (x86)/atmel/avr tools/avr toolchain/bin/../lib/gcc/avr/4.8.1/avr4\libgcc.a(_udivmodhi4.o)
 .text.libgcc.div
                0x00000706       0x28 c:/program files (x86)/atmel/avr tools/avr toolchain/bin/../lib/gcc/avr/4.8.1/avr4\libgcc.a(_udivmodhi4.o)
                0x00000706                __udivmodhi4
 .text.libgcc   0x0000072e        0x0 c:/program files (x86)/atmel/avr tools/avr toolchain/bin/../lib/gcc/avr/4.8.1/avr4\libgcc.a(_udivmodhi4.o)
 .text.libgcc.prologue
                0x0000072e        0x0 c:/program files (x86)/atmel/avr tools/avr toolchain/bin/../lib/gcc/avr/4.8.1/avr4\libgcc.a(_udivmodhi4.o)
 .text.libgcc.builtins
                0x0000072e        0x0 c:/program files (x86)/atmel/avr tools/avr toolchain/bin/../lib/gcc/avr/4.8.1/avr4\libgcc.a(_udivmodhi4.o)
 .text.libgcc.fmul
                0x0000072e        0x0 c:/program files (x86)/atmel/avr tools/avr toolchain/bin/../lib/gcc/avr/4.8.1/avr4\libgcc.a(_udivmodhi4.o)
 .text.libgcc.fixed
                0x0000072e        0x0 c:/program files (x86)/atmel/avr tools/avr toolchain/bin/../lib/gcc/avr/4.8.1/avr4\libgcc.a(_udivmodhi4.o)
 .text.libgcc.mul
                0x0000072e        0x0 c:/program files (x86)/atmel/avr tools/avr toolchain/bin/../lib/gcc/avr/4.8.1/avr4\libgcc.a(_exit.o)
 .text.libgcc.div
                0x0000072e        0x0 c:/program files (x86)/atmel/avr tools/avr toolchain/bin/../lib/gcc/avr/4.8.1/avr4\libgcc.a(_exit.o)
 .text.libgcc   0x0000072e        0x0 c:/program files (x86)/atmel/avr tools/avr toolchain/bin/../lib/gcc/avr/4.8.1/avr4\libgcc.a(_exit.o)
 .text.libgcc.prologue
                0x0000072e        0x0 c:/program files (x86)/atmel/avr tools/avr toolchain/bin/../lib/gcc/avr/4.8.1/avr4\libgcc.a(_exit.o)
 .text.libgcc.builtins
                0x0000072e        0x0 c:/program files (x86)/atmel/avr tools/avr toolchain/bin/../lib/gcc/avr/4.8.1/avr4\libgcc.a(_exit.o)
 .text.libgcc.fmul
                0x0000072e        0x0 c:/program files (x86)/atmel/avr tools/avr toolchain/bin/../lib/gcc/avr/4.8.1/avr4\libgcc.a(_exit.o)
 .text.libgcc.fixed
                0x0000072e        0x0 c:/program files (x86)/atmel/avr tools/avr toolchain/bin/../lib/gcc/avr/4.8.1/avr4\libgcc.a(_exit.o)
 .text.libgcc.mul
                0x0000072e        0x0 c:/program files (x86)/atmel/avr tools/avr toolchain/bin/../lib/gcc/avr/4.8.1/avr4\libgcc.a(_copy_data.o)
 .text.libgcc.div
                0x0000072e        0x0 c:/program files (x86)/atmel/avr tools/avr toolchain/bin/../lib/gcc/avr/4.8.1/avr4\libgcc.a(_copy_data.o)
 .text.libgcc   0x0000072e        0x0 c:/program files (x86)/atmel/avr tools/avr toolchain/bin/../lib/gcc/avr/4.8.1/avr4\libgcc.a(_copy_data.o)
 .text.libgcc.prologue
                0x0000072e        0x0 c:/program files (x86)/atmel/avr tools/avr toolchain/bin/../lib/gcc/avr/4.8.1/avr4\libgcc.a(_copy_data.o)
 .text.libgcc.builtins
                0x0000072e        0x0 c:/program files (x86)/atmel/avr tools/avr toolchain/bin/../lib/gcc/avr/4.8.1/avr4\libgcc.a(_copy_data.o)
 .text.libgcc.fmul
                0x0000072e        0x0 c:/program files (x86)/atmel/avr tools/avr toolchain/bin/../lib/gcc/avr/4.8.1/avr4\libgcc.a(_copy_data.o)
 .text.libgcc.fixed
                0x0000072e        0x0 c:/program files (x86)/atmel/avr tools/avr toolchain/bin/../lib/gcc/avr/4.8.1/avr4\libgcc.a(_copy_data.o)
 .text.libgcc.mul
                0x0000072e        0x0 c:/program files (x86)/atmel/avr tools/avr toolchain/bin/../lib/gcc/avr/4.8.1/avr4\libgcc.a(_clear_bss.o)
 .text.libgcc.div
                0x0000072e        0x0 c:/program files (x86)/atmel/avr tools/avr toolchain/bin/../lib/gcc/avr/4.8.1/avr4\libgcc.a(_clear_bss.o)
 .text.libgcc   0x0000072e        0x0 c:/program files (x86)/atmel/avr tools/avr toolchain/bin/../lib/gcc/avr/4.8.1/avr4\libgcc.a(_clear_bss.o)
 .text.libgcc.prologue
                0x0000072e        0x0 c:/program files (x86)/atmel/avr tools/avr toolchain/bin/../lib/gcc/avr/4.8.1/avr4\libgcc.a(_clear_bss.o)
 .text.libgcc.builtins
                0x0000072e        0x0 c:/program files (x86)/atmel/avr tools/avr toolchain/bin/../lib/gcc/avr/4.8.1/avr4\libgcc.a(_clear_bss.o)
 .text.libgcc.fmul
                0x0000072e        0x0 c:/program files (x86)/atmel/avr tools/avr toolchain/bin/../lib/gcc/avr/4.8.1/avr4\libgcc.a(_clear_bss.o)
 .text.libgcc.fixed
                0x0000072e        0x0 c:/program files (x86)/atmel/avr tools/avr toolchain/bin/../lib/gcc/avr/4.8.1/avr4\libgcc.a(_clear_bss.o)
 .text.avr-libc
                0x0000072e       0x14 c:/program files (x86)/atmel/avr tools/avr toolchain/bin/../lib/gcc/avr/4.8.1/../../../../avr/lib/avr4\libc.a(itoa.o)
                0x0000072e                __itoa
                0x0000072e                itoa
 .text.avr-libc
                0x00000742       0x14 c:/program files (x86)/atmel/avr tools/avr toolchain/bin/../lib/gcc/avr/4.8.1/../../../../avr/lib/avr4\libc.a(itoa_ncheck.o)
                0x00000742                __itoa_ncheck
 .text.avr-libc
                0x00000756       0x32 c:/program files (x86)/atmel/avr tools/avr toolchain/bin/../lib/gcc/avr/4.8.1/../../../../avr/lib/avr4\libc.a(utoa_ncheck.o)
                0x00000756                __utoa_ncheck
                0x00000758                __utoa_common
 .text.avr-libc
                0x00000788       0x20 c:/program files (x86)/atmel/avr tools/avr toolchain/bin/../lib/gcc/avr/4.8.1/../../../../avr/lib/avr4\libc.a(strrev.o)
                0x00000788                strrev
                0x000007a8                . = ALIGN (0x2)
 *(.fini9)
 .fini9         0x000007a8        0x0 c:/program files (x86)/atmel/avr tools/avr toolchain/bin/../lib/gcc/avr/4.8.1/avr4\libgcc.a(_exit.o)
                0x000007a8                _exit
                0x000007a8                exit
 *(.fini9)
 *(.fini8)
 *(.fini8)
 *(.fini7)
 *(.fini7)
 *(.fini6)
 *(.fini6)
 *(.fini5)
 *(.fini5)
 *(.fini4)
 *(.fini4)
 *(.fini3)
 *(.fini3)
 *(.fini2)
 *(.fini2)
 *(.fini1)
 *(.fini1)
 *(.fini0)
 .fini0         0x000007a8        0x4 c:/program files (x86)/atmel/avr tools/avr toolchain/bin/../lib/gcc/avr/4.8.1/avr4\libgcc.a(_exit.o)
 *(.fini0)
                0x000007ac                _etext = .

.data           0x00800100       0x72 load address 0x000007ac
                0x00800100                PROVIDE (__data_start, .)
 *(.data)
 .data          0x00800100        0x0 c:/program files (x86)/atmel/avr tools/avr toolchain/bin/../lib/gcc/avr/4.8.1/../../../../avr/lib/avr4/crtm88pa.o
 .data          0x00800100        0x0 ./accelerometer/acceleroeter.o
 .data          0x00800100        0x0 ./MKUART/mkuart.o
 .data          0x00800100        0x0 ./I2C_TWI/i2c_twi.o
 .data          0x00800100        0x0 ./main.o
 .data          0x00800100        0x0 ./moves.o
 .data          0x00800100        0x0 ./sensors.o
 .data          0x00800100        0x0 c:/program files (x86)/atmel/avr tools/avr toolchain/bin/../lib/gcc/avr/4.8.1/avr4\libgcc.a(_udivmodhi4.o)
 .data          0x00800100        0x0 c:/program files (x86)/atmel/avr tools/avr toolchain/bin/../lib/gcc/avr/4.8.1/avr4\libgcc.a(_exit.o)
 .data          0x00800100        0x0 c:/program files (x86)/atmel/avr tools/avr toolchain/bin/../lib/gcc/avr/4.8.1/avr4\libgcc.a(_copy_data.o)
 .data          0x00800100        0x0 c:/program files (x86)/atmel/avr tools/avr toolchain/bin/../lib/gcc/avr/4.8.1/avr4\libgcc.a(_clear_bss.o)
 .data          0x00800100        0x0 c:/program files (x86)/atmel/avr tools/avr toolchain/bin/../lib/gcc/avr/4.8.1/../../../../avr/lib/avr4\libc.a(itoa.o)
 .data          0x00800100        0x0 c:/program files (x86)/atmel/avr tools/avr toolchain/bin/../lib/gcc/avr/4.8.1/../../../../avr/lib/avr4\libc.a(itoa_ncheck.o)
 .data          0x00800100        0x0 c:/program files (x86)/atmel/avr tools/avr toolchain/bin/../lib/gcc/avr/4.8.1/../../../../avr/lib/avr4\libc.a(utoa_ncheck.o)
 .data          0x00800100        0x0 c:/program files (x86)/atmel/avr tools/avr toolchain/bin/../lib/gcc/avr/4.8.1/../../../../avr/lib/avr4\libc.a(strrev.o)
 *(.data*)
 .data.adc_mul  0x00800100        0x5 ./main.o
                0x00800100                adc_mul
 .data.adc_mul  0x00800105        0x5 ./moves.o
 .data.adc_mul  0x0080010a        0x5 ./sensors.o
 *(.rodata)
 *(.rodata*)
 .rodata.str1.1
                0x0080010f       0x62 ./main.o
                                 0x67 (size before relaxing)
 *(.gnu.linkonce.d*)
                0x00800172                . = ALIGN (0x2)
 *fill*         0x00800171        0x1 
                0x00800172                _edata = .
                0x00800172                PROVIDE (__data_end, .)

.bss            0x00800172       0x62
                0x00800172                PROVIDE (__bss_start, .)
 *(.bss)
 .bss           0x00800172        0x0 c:/program files (x86)/atmel/avr tools/avr toolchain/bin/../lib/gcc/avr/4.8.1/../../../../avr/lib/avr4/crtm88pa.o
 .bss           0x00800172        0x0 ./accelerometer/acceleroeter.o
 .bss           0x00800172        0x0 ./MKUART/mkuart.o
 .bss           0x00800172        0x0 ./I2C_TWI/i2c_twi.o
 .bss           0x00800172        0x0 ./main.o
 .bss           0x00800172        0x0 ./moves.o
 .bss           0x00800172        0x0 ./sensors.o
 .bss           0x00800172        0x0 c:/program files (x86)/atmel/avr tools/avr toolchain/bin/../lib/gcc/avr/4.8.1/avr4\libgcc.a(_udivmodhi4.o)
 .bss           0x00800172        0x0 c:/program files (x86)/atmel/avr tools/avr toolchain/bin/../lib/gcc/avr/4.8.1/avr4\libgcc.a(_exit.o)
 .bss           0x00800172        0x0 c:/program files (x86)/atmel/avr tools/avr toolchain/bin/../lib/gcc/avr/4.8.1/avr4\libgcc.a(_copy_data.o)
 .bss           0x00800172        0x0 c:/program files (x86)/atmel/avr tools/avr toolchain/bin/../lib/gcc/avr/4.8.1/avr4\libgcc.a(_clear_bss.o)
 .bss           0x00800172        0x0 c:/program files (x86)/atmel/avr tools/avr toolchain/bin/../lib/gcc/avr/4.8.1/../../../../avr/lib/avr4\libc.a(itoa.o)
 .bss           0x00800172        0x0 c:/program files (x86)/atmel/avr tools/avr toolchain/bin/../lib/gcc/avr/4.8.1/../../../../avr/lib/avr4\libc.a(itoa_ncheck.o)
 .bss           0x00800172        0x0 c:/program files (x86)/atmel/avr tools/avr toolchain/bin/../lib/gcc/avr/4.8.1/../../../../avr/lib/avr4\libc.a(utoa_ncheck.o)
 .bss           0x00800172        0x0 c:/program files (x86)/atmel/avr tools/avr toolchain/bin/../lib/gcc/avr/4.8.1/../../../../avr/lib/avr4\libc.a(strrev.o)
 *(.bss*)
 .bss.k.1972    0x00800172        0x1 ./main.o
 *(COMMON)
 COMMON         0x00800173       0x34 ./MKUART/mkuart.o
                0x00800173                UART_TxHead
                0x00800174                UART_TxTail
                0x00800175                UART_TxBuf
                0x00800185                UART_RxHead
                0x00800186                UART_RxTail
                0x00800187                UART_RxBuf
 COMMON         0x008001a7        0xd ./main.o
                0x008001a7                tccrt
                0x008001b1                sharp
 COMMON         0x008001b4       0x20 ./moves.o
                0x008001b4                moves
                0x008001d4                PROVIDE (__bss_end, .)
                0x000007ac                __data_load_start = LOADADDR (.data)
                0x0000081e                __data_load_end = (__data_load_start + SIZEOF (.data))

.noinit         0x008001d4        0x0
                0x008001d4                PROVIDE (__noinit_start, .)
 *(.noinit*)
                0x008001d4                PROVIDE (__noinit_end, .)
                0x008001d4                _end = .
                0x008001d4                PROVIDE (__heap_start, .)

.eeprom         0x00810000        0x0
 *(.eeprom*)
                0x00810000                __eeprom_end = .

.fuse
 *(.fuse)
 *(.lfuse)
 *(.hfuse)
 *(.efuse)

.lock
 *(.lock*)

.signature
 *(.signature*)

.user_signatures
 *(.user_signatures*)

.stab
 *(.stab)

.stabstr
 *(.stabstr)

.stab.excl
 *(.stab.excl)

.stab.exclstr
 *(.stab.exclstr)

.stab.index
 *(.stab.index)

.stab.indexstr
 *(.stab.indexstr)

.comment        0x00000000       0x30
 *(.comment)
 .comment       0x00000000       0x30 ./accelerometer/acceleroeter.o
                                 0x31 (size before relaxing)
 .comment       0x00000000       0x31 ./MKUART/mkuart.o
 .comment       0x00000000       0x31 ./I2C_TWI/i2c_twi.o
 .comment       0x00000000       0x31 ./main.o
 .comment       0x00000000       0x31 ./moves.o
 .comment       0x00000000       0x31 ./sensors.o

.note.gnu.build-id
 *(.note.gnu.build-id)

.debug
 *(.debug)

.line
 *(.line)

.debug_srcinfo
 *(.debug_srcinfo)

.debug_sfnames
 *(.debug_sfnames)

.debug_aranges
 *(.debug_aranges)

.debug_pubnames
 *(.debug_pubnames)

.debug_info
 *(.debug_info .gnu.linkonce.wi.*)

.debug_abbrev
 *(.debug_abbrev)

.debug_line
 *(.debug_line .debug_line.* .debug_line_end)

.debug_frame
 *(.debug_frame)

.debug_str
 *(.debug_str)

.debug_loc
 *(.debug_loc)

.debug_macinfo
 *(.debug_macinfo)

.debug_weaknames
 *(.debug_weaknames)

.debug_funcnames
 *(.debug_funcnames)

.debug_typenames
 *(.debug_typenames)

.debug_varnames
 *(.debug_varnames)

.debug_pubtypes
 *(.debug_pubtypes)

.debug_ranges
 *(.debug_ranges)

.debug_macro
 *(.debug_macro)
OUTPUT(KillerPlow.elf elf32-avr)
LOAD linker stubs
